Copyright 1986-2022 Xilinx, Inc. All Rights Reserved. Copyright 2022-2023 Advanced Micro Devices, Inc. All Rights Reserved.
---------------------------------------------------------------------------------------------------------------------------------------------
| Tool Version : Vivado v.2023.2 (win64) Build 4029153 Fri Oct 13 20:14:34 MDT 2023
| Date         : Thu May  2 20:39:26 2024
| Host         : DESKTOP-1NKR81U running 64-bit major release  (build 9200)
| Command      : report_control_sets -verbose -file controlador_control_sets_placed.rpt
| Design       : controlador
| Device       : xc7a35t
---------------------------------------------------------------------------------------------------------------------------------------------

Control Set Information

Table of Contents
-----------------
1. Summary
2. Histogram
3. Flip-Flop Distribution
4. Detailed Control Set Information

1. Summary
----------

+----------------------------------------------------------+-------+
|                          Status                          | Count |
+----------------------------------------------------------+-------+
| Total control sets                                       |    10 |
|    Minimum number of control sets                        |    10 |
|    Addition due to synthesis replication                 |     0 |
|    Addition due to physical synthesis replication        |     0 |
| Unused register locations in slices containing registers |    51 |
+----------------------------------------------------------+-------+
* Control sets can be merged at opt_design using control_set_merge or merge_equivalent_drivers
** Run report_qor_suggestions for automated merging and remapping suggestions


2. Histogram
------------

+--------------------+-------+
|       Fanout       | Count |
+--------------------+-------+
| Total control sets |    10 |
| >= 0 to < 4        |     3 |
| >= 4 to < 6        |     4 |
| >= 6 to < 8        |     0 |
| >= 8 to < 10       |     1 |
| >= 10 to < 12      |     1 |
| >= 12 to < 14      |     1 |
| >= 14 to < 16      |     0 |
| >= 16              |     0 |
+--------------------+-------+
* Control sets can be remapped at either synth_design or opt_design


3. Flip-Flop Distribution
-------------------------

+--------------+-----------------------+------------------------+-----------------+--------------+
| Clock Enable | Synchronous Set/Reset | Asynchronous Set/Reset | Total Registers | Total Slices |
+--------------+-----------------------+------------------------+-----------------+--------------+
| No           | No                    | No                     |               4 |            4 |
| No           | No                    | Yes                    |               0 |            0 |
| No           | Yes                   | No                     |               5 |            2 |
| Yes          | No                    | No                     |              27 |           15 |
| Yes          | No                    | Yes                    |               3 |            1 |
| Yes          | Yes                   | No                     |              14 |            6 |
+--------------+-----------------------+------------------------+-----------------+--------------+


4. Detailed Control Set Information
-----------------------------------

+----------------------+---------------------------------------------+------------------------------+------------------+----------------+--------------+
|     Clock Signal     |                Enable Signal                |       Set/Reset Signal       | Slice Load Count | Bel Load Count | Bels / Slice |
+----------------------+---------------------------------------------+------------------------------+------------------+----------------+--------------+
|  clk100Mhz_IBUF_BUFG | Inst_CPU/i2c_scl_t_i_1_n_0                  | Inst_CPU/i2c_sda_t_i_1_n_0   |                1 |              1 |         1.00 |
|  clk100Mhz_IBUF_BUFG | Inst_CPU/i2c_sda_t_i_2_n_0                  | Inst_CPU/i2c_sda_t_i_1_n_0   |                1 |              1 |         1.00 |
|  clk100Mhz_IBUF_BUFG | Inst_CPU/FSM_sequential_estado_s[2]_i_1_n_0 | reset_IBUF                   |                1 |              3 |         3.00 |
|  clk100Mhz_IBUF_BUFG |                                             |                              |                4 |              4 |         1.00 |
|  clk100Mhz_IBUF_BUFG | Inst_CPU/i2c_conta_bits                     |                              |                2 |              4 |         2.00 |
|  clk100Mhz_IBUF_BUFG | Inst_CPU/retardo                            |                              |                2 |              4 |         2.00 |
|  clk100Mhz_IBUF_BUFG |                                             | Inst_CPU/pcnext_reg[7]_0     |                2 |              5 |         2.50 |
|  clk100Mhz_IBUF_BUFG | Inst_CPU/divclk                             |                              |                5 |              9 |         1.80 |
|  clk100Mhz_IBUF_BUFG | Inst_CPU/pcnext_0                           |                              |                6 |             10 |         1.67 |
|  clk100Mhz_IBUF_BUFG | Inst_CPU/retardo                            | Inst_CPU/retardo[13]_i_1_n_0 |                4 |             12 |         3.00 |
+----------------------+---------------------------------------------+------------------------------+------------------+----------------+--------------+


